================================================================================
═══════════════════════════════════════════
ALERT AML - 2026-02-22 21:22:33
═══════════════════════════════════════════
IBAN Beneficiario: IT6012345678901234567890
Mittenti unici:    5
Soglia:            5
Ultimo importo:    €5000
Ultimo mittente:   800049
IP origine:        192.168.1.13

================================================================================
═══════════════════════════════════════════
ALERT AML - 2026-02-22 23:22:34
═══════════════════════════════════════════
IBAN Beneficiario: IT5678...
Mittenti unici:    5
Soglia:            5
Ultimo importo:    €50000
Ultimo mittente:   800058
IP origine:        192.168.30.156

================================================================================
═══════════════════════════════════════════
ALERT AML - 2026-02-22 23:28:28
═══════════════════════════════════════════
IBAN Beneficiario: IT5678...
Mittenti unici:    5
Soglia:            5
Ultimo importo:    €50000
Ultimo mittente:   800058
IP origine:        192.168.30.156

═══════════════════════════════════════════
ALERT AML - 2026-02-22 23:28:34
═══════════════════════════════════════════
IBAN Beneficiario: IT6012345678901234567890
Mittenti unici:    5
Soglia:            5
Ultimo importo:    €5000
Ultimo mittente:   800023
IP origine:        192.168.1.13

================================================================================
═══════════════════════════════════════════
ALERT AML - 2026-02-22 23:29:18
═══════════════════════════════════════════
IBAN Beneficiario: IT5678...
Mittenti unici:    5
Soglia:            5
Ultimo importo:    €50000
Ultimo mittente:   800058
IP origine:        192.168.30.156

═══════════════════════════════════════════
ALERT AML - 2026-02-22 23:29:18
═══════════════════════════════════════════
IBAN Beneficiario: IT6012345678901234567890
Mittenti unici:    5
Soglia:            5
Ultimo importo:    €5000
Ultimo mittente:   800023
IP origine:        192.168.1.13

================================================================================
═══════════════════════════════════════════
ALERT AML - 2026-02-22 23:33:02
═══════════════════════════════════════════
IBAN Beneficiario: IT5678...
Mittenti unici:    5
Soglia:            5
Ultimo importo:    €50000
Ultimo mittente:   800058
IP origine:        192.168.30.156

================================================================================
═══════════════════════════════════════════
ALERT AML - 2026-02-22 23:33:43
═══════════════════════════════════════════
IBAN Beneficiario: IT5678...
Mittenti unici:    5
Soglia:            5
Ultimo importo:    €50000
Ultimo mittente:   800058
IP origine:        192.168.30.156

================================================================================
═══════════════════════════════════════════
ALERT AML - 2026-02-22 23:34:33
═══════════════════════════════════════════
IBAN Beneficiario: IT5678...
Mittenti unici:    5
Soglia:            5
Ultimo importo:    €50000
Ultimo mittente:   800058
IP origine:        192.168.30.156

================================================================================
═══════════════════════════════════════════
ALERT AML - 2026-02-22 23:36:40
═══════════════════════════════════════════
IBAN Beneficiario: IT5678...
Mittenti unici:    5
Soglia:            5
Ultimo importo:    €50000
Ultimo mittente:   800058
IP origine:        192.168.30.156

================================================================================
═══════════════════════════════════════════
ALERT AML - 2026-02-22 23:37:26
═══════════════════════════════════════════
IBAN Beneficiario: IT6012345678901234567890
Mittenti unici:    5
Soglia:            5
Ultimo importo:    €5000
Ultimo mittente:   800002
IP origine:        192.168.1.13

================================================================================
═══════════════════════════════════════════
ALERT AML - 2026-02-22 23:42:18
═══════════════════════════════════════════
IBAN Beneficiario: IT6012345678901234567890
Mittenti unici:    5
Soglia:            5
Ultimo importo:    €5000
Ultimo mittente:   800002
IP origine:        192.168.1.13

================================================================================
═══════════════════════════════════════════
ALERT AML - 2026-02-22 23:43:02
═══════════════════════════════════════════
IBAN Beneficiario: IT6012345678901234567890
Mittenti unici:    5
Soglia:            5
Ultimo importo:    €5000
Ultimo mittente:   800002
IP origine:        192.168.1.13

================================================================================
═══════════════════════════════════════════
ALERT AML - 2026-02-22 23:44:03
═══════════════════════════════════════════
IBAN Beneficiario: IT6012345678901234567890
Mittenti unici:    5
Soglia:            5
Ultimo importo:    €5000
Ultimo mittente:   800002
IP origine:        192.168.1.13

================================================================================
═══════════════════════════════════════════
ALERT AML - 2026-02-22 23:45:20
═══════════════════════════════════════════
IBAN Beneficiario: IT6012345678901234567890
Mittenti unici:    5
Soglia:            5
Ultimo importo:    €5000
Ultimo mittente:   800002
IP origine:        192.168.1.13

================================================================================
═══════════════════════════════════════════
ALERT AML - 2026-02-22 23:46:07
═══════════════════════════════════════════
IBAN Beneficiario: IT6012345678901234567890
Mittenti unici:    5
Soglia:            5
Ultimo importo:    €5000
Ultimo mittente:   800002
IP origine:        192.168.1.13

================================================================================
═══════════════════════════════════════════
ALERT AML - 2026-02-22 23:46:47
═══════════════════════════════════════════
IBAN Beneficiario: IT5678...
Mittenti unici:    5
Soglia:            5
Ultimo importo:    €5000
Ultimo mittente:   800042
IP origine:        192.168.1.13

================================================================================
═══════════════════════════════════════════
ALERT AML - 2026-02-22 23:47:16
═══════════════════════════════════════════
IBAN Beneficiario: IT60X1234567890
Mittenti unici:    5
Soglia:            5
Ultimo importo:    €5000
Ultimo mittente:   800027
IP origine:        192.168.1.13

================================================================================
═══════════════════════════════════════════
ALERT AML - 2026-02-22 23:47:54
═══════════════════════════════════════════
IBAN Beneficiario: IT60X1234567890
Mittenti unici:    5
Soglia:            5
Ultimo importo:    €5000
Ultimo mittente:   800027
IP origine:        192.168.1.13

================================================================================
═══════════════════════════════════════════
ALERT AML - 2026-02-22 23:48:01
═══════════════════════════════════════════
IBAN Beneficiario: IT60X1234567890
Mittenti unici:    5
Soglia:            5
Ultimo importo:    €5000
Ultimo mittente:   800027
IP origine:        192.168.1.13

================================================================================
═══════════════════════════════════════════
ALERT AML - 2026-02-22 23:50:35
═══════════════════════════════════════════
IBAN Beneficiario: active
Mittenti unici:    5
Soglia:            5
Ultimo importo:    €5000
Ultimo mittente:   800031
IP origine:        192.168.1.225

================================================================================
═══════════════════════════════════════════
ALERT AML - 2026-02-22 23:51:24
═══════════════════════════════════════════
IBAN Beneficiario: IT23R03002032800000000069
Mittenti unici:    5
Soglia:            5
Ultimo importo:    €5000
Ultimo mittente:   800089
IP origine:        192.168.1.101

================================================================================
═══════════════════════════════════════════
ALERT AML - 2026-02-22 23:51:47
═══════════════════════════════════════════
IBAN Beneficiario: IT10R03002032800000000011
Mittenti unici:    5
Soglia:            5
Ultimo importo:    €5000
Ultimo mittente:   800051
IP origine:        192.168.1.98

================================================================================
═══════════════════════════════════════════
ALERT AML - 2026-02-22 23:52:22
═══════════════════════════════════════════
IBAN Beneficiario: IT10R03002032800000000011
Mittenti unici:    5
Soglia:            5
Ultimo importo:    €5000
Ultimo mittente:   800051
IP origine:        192.168.1.98

================================================================================
═══════════════════════════════════════════
ALERT AML - 2026-02-22 23:52:33
═══════════════════════════════════════════
IBAN Beneficiario: IT10R03002032800000000011
Mittenti unici:    5
Soglia:            5
Ultimo importo:    €5000
Ultimo mittente:   800051
IP origine:        192.168.1.98

================================================================================
═══════════════════════════════════════════
ALERT AML - 2026-02-22 23:53:38
═══════════════════════════════════════════
IBAN Beneficiario: IT32R03002032800000000099
Mittenti unici:    5
Soglia:            5
Ultimo importo:    €5000
Ultimo mittente:   800042
IP origine:        192.168.1.72

================================================================================
═══════════════════════════════════════════
ALERT AML - 2026-02-22 23:53:48
═══════════════════════════════════════════
IBAN Beneficiario: IT53R03002032800000000033
Mittenti unici:    5
Soglia:            5
Ultimo importo:    €5000
Ultimo mittente:   800077
IP origine:        192.168.1.21

================================================================================
═══════════════════════════════════════════
ALERT AML - 2026-02-22 23:53:58
═══════════════════════════════════════════
IBAN Beneficiario: IT88R03002032800000000089
Mittenti unici:    5
Soglia:            5
Ultimo importo:    €5000
Ultimo mittente:   800032
IP origine:        192.168.1.110

================================================================================
═══════════════════════════════════════════
ALERT AML - 2026-02-22 23:54:26
═══════════════════════════════════════════
IBAN Beneficiario: IT88R03002032800000000089
Mittenti unici:    5
Soglia:            5
Ultimo importo:    €5000
Ultimo mittente:   800032
IP origine:        192.168.1.110

================================================================================
═══════════════════════════════════════════
ALERT AML - 2026-02-22 23:54:39
═══════════════════════════════════════════
IBAN Beneficiario: IT88R03002032800000000089
Mittenti unici:    5
Soglia:            5
Ultimo importo:    €5000
Ultimo mittente:   800032
IP origine:        192.168.1.110

================================================================================
================================================================================
═══════════════════════════════════════════
ALERT AML - 2026-02-22 23:56:24
═══════════════════════════════════════════
IBAN Beneficiario: IT30R03002032800000000014
Mittenti unici:    5
Soglia:            5
Ultimo importo:    €5000
Ultimo mittente:   800084
IP origine:        192.168.1.180

================================================================================
═══════════════════════════════════════════
ALERT AML - 2026-02-22 23:56:32
═══════════════════════════════════════════
IBAN Beneficiario: IT61R03002032800000000097
Mittenti unici:    5
Soglia:            5
Ultimo importo:    €5000
Ultimo mittente:   800074
IP origine:        192.168.1.134

================================================================================
═══════════════════════════════════════════
ALERT AML - 2026-02-22 23:56:57
═══════════════════════════════════════════
IBAN Beneficiario: IT19R03002032800000000030
Mittenti unici:    5
Soglia:            5
Ultimo importo:    €5000
Ultimo mittente:   800008
IP origine:        192.168.1.43

================================================================================
═══════════════════════════════════════════
ALERT AML - 2026-02-23 00:03:59
═══════════════════════════════════════════
IBAN Beneficiario: IT34R03002032800000000090
Mittenti unici:    5
Soglia:            5
Ultimo importo:    €5000
Ultimo mittente:   800013
IP origine:        192.168.1.63

================================================================================
================================================================================
═══════════════════════════════════════════
ALERT AML - 2026-02-23 00:13:50
═══════════════════════════════════════════
IBAN Beneficiario: IT73R03002032800000000022
Mittenti unici:    5
Soglia:            5
Ultimo importo:    €5000
Ultimo mittente:   800022
IP origine:        192.168.1.60

================================================================================
═══════════════════════════════════════════
ALERT AML - 2026-02-23 00:17:43
═══════════════════════════════════════════
IBAN Beneficiario: IT59R03002032800000000094
Mittenti unici:    5
Soglia:            5
Ultimo importo:    €5000
Ultimo mittente:   800058
IP origine:        192.168.1.82

