================================================================================
================================================================================
═══════════════════════════════════════════
ALERT ATM PORTA - 2026-02-22 17:37:27
═══════════════════════════════════════════
IP ATM:           127.0.0.1
Porta sorgente:   8000
Servizio:         UNKNOWN
Porte aperte:    
ATM ID:           1001
Range valido:     32768-60999

═══════════════════════════════════════════
ALERT ATM PORTA - 2026-02-22 17:37:27
═══════════════════════════════════════════
IP ATM:           127.0.0.1
Porta sorgente:   8000
Servizio:         UNKNOWN
Porte aperte:    
ATM ID:           1001
Range valido:     32768-60999

═══════════════════════════════════════════
ALERT ATM PORTA - 2026-02-22 17:37:27
═══════════════════════════════════════════
IP ATM:           127.0.0.1
Porta sorgente:   8000
Servizio:         UNKNOWN
Porte aperte:    
ATM ID:           1001
Range valido:     32768-60999

═══════════════════════════════════════════
ALERT ATM PORTA - 2026-02-22 17:37:29
═══════════════════════════════════════════
IP ATM:           127.0.0.1
Porta sorgente:   8000
Servizio:         UNKNOWN
Porte aperte:    
ATM ID:           1001
Range valido:     32768-60999

═══════════════════════════════════════════
ALERT ATM PORTA - 2026-02-22 17:37:29
═══════════════════════════════════════════
IP ATM:           127.0.0.1
Porta sorgente:   8000
Servizio:         UNKNOWN
Porte aperte:    
ATM ID:           1001
Range valido:     32768-60999

═══════════════════════════════════════════
ALERT ATM PORTA - 2026-02-22 17:37:29
═══════════════════════════════════════════
IP ATM:           127.0.0.1
Porta sorgente:   8000
Servizio:         UNKNOWN
Porte aperte:    
ATM ID:           1001
Range valido:     32768-60999

═══════════════════════════════════════════
ALERT ATM PORTA - 2026-02-22 17:37:31
═══════════════════════════════════════════
IP ATM:           127.0.0.1
Porta sorgente:   8000
Servizio:         UNKNOWN
Porte aperte:    
ATM ID:           1001
Range valido:     32768-60999

═══════════════════════════════════════════
ALERT ATM PORTA - 2026-02-22 17:37:31
═══════════════════════════════════════════
IP ATM:           127.0.0.1
Porta sorgente:   8000
Servizio:         UNKNOWN
Porte aperte:    
ATM ID:           1001
Range valido:     32768-60999

═══════════════════════════════════════════
ALERT ATM PORTA - 2026-02-22 17:37:31
═══════════════════════════════════════════
IP ATM:           127.0.0.1
Porta sorgente:   8000
Servizio:         UNKNOWN
Porte aperte:    
ATM ID:           1001
Range valido:     32768-60999

═══════════════════════════════════════════
ALERT ATM PORTA - 2026-02-22 17:37:34
═══════════════════════════════════════════
IP ATM:           127.0.0.1
Porta sorgente:   8000
Servizio:         UNKNOWN
Porte aperte:    
ATM ID:           1001
Range valido:     32768-60999

═══════════════════════════════════════════
ALERT ATM PORTA - 2026-02-22 17:37:34
═══════════════════════════════════════════
IP ATM:           127.0.0.1
Porta sorgente:   8000
Servizio:         UNKNOWN
Porte aperte:    
ATM ID:           1001
Range valido:     32768-60999

═══════════════════════════════════════════
ALERT ATM PORTA - 2026-02-22 17:37:34
═══════════════════════════════════════════
IP ATM:           127.0.0.1
Porta sorgente:   8000
Servizio:         UNKNOWN
Porte aperte:    
ATM ID:           1001
Range valido:     32768-60999

═══════════════════════════════════════════
ALERT ATM PORTA - 2026-02-22 17:37:36
═══════════════════════════════════════════
IP ATM:           127.0.0.1
Porta sorgente:   8000
Servizio:         UNKNOWN
Porte aperte:    
ATM ID:           1001
Range valido:     32768-60999

═══════════════════════════════════════════
ALERT ATM PORTA - 2026-02-22 17:37:36
═══════════════════════════════════════════
IP ATM:           127.0.0.1
Porta sorgente:   8000
Servizio:         UNKNOWN
Porte aperte:    
ATM ID:           1001
Range valido:     32768-60999

═══════════════════════════════════════════
ALERT ATM PORTA - 2026-02-22 17:37:36
═══════════════════════════════════════════
IP ATM:           127.0.0.1
Porta sorgente:   8000
Servizio:         UNKNOWN
Porte aperte:    
ATM ID:           1001
Range valido:     32768-60999

═══════════════════════════════════════════
ALERT ATM PORTA - 2026-02-22 17:37:38
═══════════════════════════════════════════
IP ATM:           127.0.0.1
Porta sorgente:   8000
Servizio:         UNKNOWN
Porte aperte:    
ATM ID:           1001
Range valido:     32768-60999

═══════════════════════════════════════════
ALERT ATM PORTA - 2026-02-22 17:37:38
═══════════════════════════════════════════
IP ATM:           127.0.0.1
Porta sorgente:   8000
Servizio:         UNKNOWN
Porte aperte:    
ATM ID:           1001
Range valido:     32768-60999

═══════════════════════════════════════════
ALERT ATM PORTA - 2026-02-22 17:37:38
═══════════════════════════════════════════
IP ATM:           127.0.0.1
Porta sorgente:   8000
Servizio:         UNKNOWN
Porte aperte:    
ATM ID:           1001
Range valido:     32768-60999

═══════════════════════════════════════════
ALERT ATM PORTA - 2026-02-22 17:37:40
═══════════════════════════════════════════
IP ATM:           127.0.0.1
Porta sorgente:   8000
Servizio:         UNKNOWN
Porte aperte:    
ATM ID:           1001
Range valido:     32768-60999

═══════════════════════════════════════════
ALERT ATM PORTA - 2026-02-22 17:37:40
═══════════════════════════════════════════
IP ATM:           127.0.0.1
Porta sorgente:   8000
Servizio:         UNKNOWN
Porte aperte:    
ATM ID:           1001
Range valido:     32768-60999

═══════════════════════════════════════════
ALERT ATM PORTA - 2026-02-22 17:37:40
═══════════════════════════════════════════
IP ATM:           127.0.0.1
Porta sorgente:   8000
Servizio:         UNKNOWN
Porte aperte:    
ATM ID:           1001
Range valido:     32768-60999

================================================================================
═══════════════════════════════════════════
ALERT ATM PORTA - 2026-02-22 17:37:40
═══════════════════════════════════════════
IP ATM:           127.0.0.1
Porta sorgente:   8000
Servizio:         UNKNOWN
Porte aperte:    
ATM ID:           1001
Range valido:     32768-60999

═══════════════════════════════════════════
ALERT ATM PORTA - 2026-02-22 17:37:40
═══════════════════════════════════════════
IP ATM:           127.0.0.1
Porta sorgente:   8000
Servizio:         UNKNOWN
Porte aperte:    
ATM ID:           1001
Range valido:     32768-60999

═══════════════════════════════════════════
ALERT ATM PORTA - 2026-02-22 17:37:40
═══════════════════════════════════════════
IP ATM:           127.0.0.1
Porta sorgente:   8000
Servizio:         UNKNOWN
Porte aperte:    
ATM ID:           1001
Range valido:     32768-60999

═══════════════════════════════════════════
ALERT ATM PORTA - 2026-02-22 17:37:42
═══════════════════════════════════════════
IP ATM:           127.0.0.1
Porta sorgente:   8000
Servizio:         UNKNOWN
Porte aperte:    
ATM ID:           1001
Range valido:     32768-60999

═══════════════════════════════════════════
ALERT ATM PORTA - 2026-02-22 17:37:42
═══════════════════════════════════════════
IP ATM:           127.0.0.1
Porta sorgente:   8000
Servizio:         UNKNOWN
Porte aperte:    
ATM ID:           1001
Range valido:     32768-60999

═══════════════════════════════════════════
ALERT ATM PORTA - 2026-02-22 17:37:42
═══════════════════════════════════════════
IP ATM:           127.0.0.1
Porta sorgente:   8000
Servizio:         UNKNOWN
Porte aperte:    
ATM ID:           1001
Range valido:     32768-60999

═══════════════════════════════════════════
ALERT ATM PORTA - 2026-02-22 17:37:42
═══════════════════════════════════════════
IP ATM:           127.0.0.1
Porta sorgente:   8000
Servizio:         UNKNOWN
Porte aperte:    
ATM ID:           1001
Range valido:     32768-60999

═══════════════════════════════════════════
ALERT ATM PORTA - 2026-02-22 17:37:42
═══════════════════════════════════════════
IP ATM:           127.0.0.1
Porta sorgente:   8000
Servizio:         UNKNOWN
Porte aperte:    
ATM ID:           1001
Range valido:     32768-60999

═══════════════════════════════════════════
ALERT ATM PORTA - 2026-02-22 17:37:42
═══════════════════════════════════════════
IP ATM:           127.0.0.1
Porta sorgente:   8000
Servizio:         UNKNOWN
Porte aperte:    
ATM ID:           1001
Range valido:     32768-60999

═══════════════════════════════════════════
ALERT ATM PORTA - 2026-02-22 17:37:44
═══════════════════════════════════════════
IP ATM:           127.0.0.1
Porta sorgente:   8000
Servizio:         UNKNOWN
Porte aperte:    
ATM ID:           1001
Range valido:     32768-60999

═══════════════════════════════════════════
ALERT ATM PORTA - 2026-02-22 17:37:44
═══════════════════════════════════════════
IP ATM:           127.0.0.1
Porta sorgente:   8000
Servizio:         UNKNOWN
Porte aperte:    
ATM ID:           1001
Range valido:     32768-60999

═══════════════════════════════════════════
ALERT ATM PORTA - 2026-02-22 17:37:44
═══════════════════════════════════════════
IP ATM:           127.0.0.1
Porta sorgente:   8000
Servizio:         UNKNOWN
Porte aperte:    
ATM ID:           1001
Range valido:     32768-60999

═══════════════════════════════════════════
ALERT ATM PORTA - 2026-02-22 17:37:44
═══════════════════════════════════════════
IP ATM:           127.0.0.1
Porta sorgente:   8000
Servizio:         UNKNOWN
Porte aperte:    
ATM ID:           1001
Range valido:     32768-60999

═══════════════════════════════════════════
ALERT ATM PORTA - 2026-02-22 17:37:44
═══════════════════════════════════════════
IP ATM:           127.0.0.1
Porta sorgente:   8000
Servizio:         UNKNOWN
Porte aperte:    
ATM ID:           1001
Range valido:     32768-60999

═══════════════════════════════════════════
ALERT ATM PORTA - 2026-02-22 17:37:44
═══════════════════════════════════════════
IP ATM:           127.0.0.1
Porta sorgente:   8000
Servizio:         UNKNOWN
Porte aperte:    
ATM ID:           1001
Range valido:     32768-60999

═══════════════════════════════════════════
ALERT ATM PORTA - 2026-02-22 17:37:46
═══════════════════════════════════════════
IP ATM:           127.0.0.1
Porta sorgente:   8000
Servizio:         UNKNOWN
Porte aperte:    
ATM ID:           1001
Range valido:     32768-60999

═══════════════════════════════════════════
ALERT ATM PORTA - 2026-02-22 17:37:46
═══════════════════════════════════════════
IP ATM:           127.0.0.1
Porta sorgente:   8000
Servizio:         UNKNOWN
Porte aperte:    
ATM ID:           1001
Range valido:     32768-60999

═══════════════════════════════════════════
ALERT ATM PORTA - 2026-02-22 17:37:46
═══════════════════════════════════════════
IP ATM:           127.0.0.1
Porta sorgente:   8000
Servizio:         UNKNOWN
Porte aperte:    
ATM ID:           1001
Range valido:     32768-60999

═══════════════════════════════════════════
ALERT ATM PORTA - 2026-02-22 17:37:46
═══════════════════════════════════════════
IP ATM:           127.0.0.1
Porta sorgente:   8000
Servizio:         UNKNOWN
Porte aperte:    
ATM ID:           1001
Range valido:     32768-60999

═══════════════════════════════════════════
ALERT ATM PORTA - 2026-02-22 17:37:46
═══════════════════════════════════════════
IP ATM:           127.0.0.1
Porta sorgente:   8000
Servizio:         UNKNOWN
Porte aperte:    
ATM ID:           1001
Range valido:     32768-60999

═══════════════════════════════════════════
ALERT ATM PORTA - 2026-02-22 17:37:47
═══════════════════════════════════════════
IP ATM:           127.0.0.1
Porta sorgente:   8000
Servizio:         UNKNOWN
Porte aperte:    
ATM ID:           1001
Range valido:     32768-60999

═══════════════════════════════════════════
ALERT ATM PORTA - 2026-02-22 17:37:47
═══════════════════════════════════════════
IP ATM:           127.0.0.1
Porta sorgente:   8000
Servizio:         UNKNOWN
Porte aperte:    
ATM ID:           1001
Range valido:     32768-60999

═══════════════════════════════════════════
ALERT ATM PORTA - 2026-02-22 17:37:47
═══════════════════════════════════════════
IP ATM:           127.0.0.1
Porta sorgente:   8000
Servizio:         UNKNOWN
Porte aperte:    
ATM ID:           1001
Range valido:     32768-60999

═══════════════════════════════════════════
ALERT ATM PORTA - 2026-02-22 17:37:47
═══════════════════════════════════════════
IP ATM:           127.0.0.1
Porta sorgente:   8000
Servizio:         UNKNOWN
Porte aperte:    
ATM ID:           1001
Range valido:     32768-60999

═══════════════════════════════════════════
ALERT ATM PORTA - 2026-02-22 17:37:47
═══════════════════════════════════════════
IP ATM:           127.0.0.1
Porta sorgente:   8000
Servizio:         UNKNOWN
Porte aperte:    
ATM ID:           1001
Range valido:     32768-60999

═══════════════════════════════════════════
ALERT ATM PORTA - 2026-02-22 17:37:47
═══════════════════════════════════════════
IP ATM:           127.0.0.1
Porta sorgente:   8000
Servizio:         UNKNOWN
Porte aperte:    
ATM ID:           1001
Range valido:     32768-60999

═══════════════════════════════════════════
ALERT ATM PORTA - 2026-02-22 17:37:48
═══════════════════════════════════════════
IP ATM:           127.0.0.1
Porta sorgente:   8000
Servizio:         UNKNOWN
Porte aperte:    
ATM ID:           1001
Range valido:     32768-60999

═══════════════════════════════════════════
ALERT ATM PORTA - 2026-02-22 17:37:48
═══════════════════════════════════════════
IP ATM:           127.0.0.1
Porta sorgente:   8000
Servizio:         UNKNOWN
Porte aperte:    
ATM ID:           1001
Range valido:     32768-60999

═══════════════════════════════════════════
ALERT ATM PORTA - 2026-02-22 17:37:48
═══════════════════════════════════════════
IP ATM:           127.0.0.1
Porta sorgente:   8000
Servizio:         UNKNOWN
Porte aperte:    
ATM ID:           1001
Range valido:     32768-60999

═══════════════════════════════════════════
ALERT ATM PORTA - 2026-02-22 17:37:48
═══════════════════════════════════════════
IP ATM:           127.0.0.1
Porta sorgente:   8000
Servizio:         UNKNOWN
Porte aperte:    
ATM ID:           1001
Range valido:     32768-60999

═══════════════════════════════════════════
ALERT ATM PORTA - 2026-02-22 17:37:48
═══════════════════════════════════════════
IP ATM:           127.0.0.1
Porta sorgente:   8000
Servizio:         UNKNOWN
Porte aperte:    
ATM ID:           1001
Range valido:     32768-60999

═══════════════════════════════════════════
ALERT ATM PORTA - 2026-02-22 17:37:48
═══════════════════════════════════════════
IP ATM:           127.0.0.1
Porta sorgente:   8000
Servizio:         UNKNOWN
Porte aperte:    
ATM ID:           1001
Range valido:     32768-60999

═══════════════════════════════════════════
ALERT ATM PORTA - 2026-02-22 17:37:49
═══════════════════════════════════════════
IP ATM:           127.0.0.1
Porta sorgente:   8000
Servizio:         UNKNOWN
Porte aperte:    
ATM ID:           1001
Range valido:     32768-60999

═══════════════════════════════════════════
ALERT ATM PORTA - 2026-02-22 17:37:49
═══════════════════════════════════════════
IP ATM:           127.0.0.1
Porta sorgente:   8000
Servizio:         UNKNOWN
Porte aperte:    
ATM ID:           1001
Range valido:     32768-60999

═══════════════════════════════════════════
ALERT ATM PORTA - 2026-02-22 17:37:49
═══════════════════════════════════════════
IP ATM:           127.0.0.1
Porta sorgente:   8000
Servizio:         UNKNOWN
Porte aperte:    
ATM ID:           1001
Range valido:     32768-60999

═══════════════════════════════════════════
ALERT ATM PORTA - 2026-02-22 17:37:49
═══════════════════════════════════════════
IP ATM:           127.0.0.1
Porta sorgente:   8000
Servizio:         UNKNOWN
Porte aperte:    
ATM ID:           1001
Range valido:     32768-60999

═══════════════════════════════════════════
ALERT ATM PORTA - 2026-02-22 17:37:49
═══════════════════════════════════════════
IP ATM:           127.0.0.1
Porta sorgente:   8000
Servizio:         UNKNOWN
Porte aperte:    
ATM ID:           1001
Range valido:     32768-60999

═══════════════════════════════════════════
ALERT ATM PORTA - 2026-02-22 17:37:49
═══════════════════════════════════════════
IP ATM:           127.0.0.1
Porta sorgente:   8000
Servizio:         UNKNOWN
Porte aperte:    
ATM ID:           1001
Range valido:     32768-60999

═══════════════════════════════════════════
ALERT ATM PORTA - 2026-02-22 17:37:50
═══════════════════════════════════════════
IP ATM:           127.0.0.1
Porta sorgente:   8000
Servizio:         UNKNOWN
Porte aperte:    
ATM ID:           1001
Range valido:     32768-60999

═══════════════════════════════════════════
ALERT ATM PORTA - 2026-02-22 17:37:50
═══════════════════════════════════════════
IP ATM:           127.0.0.1
Porta sorgente:   8000
Servizio:         UNKNOWN
Porte aperte:    
ATM ID:           1001
Range valido:     32768-60999

═══════════════════════════════════════════
ALERT ATM PORTA - 2026-02-22 17:37:50
═══════════════════════════════════════════
IP ATM:           127.0.0.1
Porta sorgente:   8000
Servizio:         UNKNOWN
Porte aperte:    
ATM ID:           1001
Range valido:     32768-60999

═══════════════════════════════════════════
ALERT ATM PORTA - 2026-02-22 17:37:50
═══════════════════════════════════════════
IP ATM:           127.0.0.1
Porta sorgente:   8000
Servizio:         UNKNOWN
Porte aperte:    
ATM ID:           1001
Range valido:     32768-60999

═══════════════════════════════════════════
ALERT ATM PORTA - 2026-02-22 17:37:50
═══════════════════════════════════════════
IP ATM:           127.0.0.1
Porta sorgente:   8000
Servizio:         UNKNOWN
Porte aperte:    
ATM ID:           1001
Range valido:     32768-60999

═══════════════════════════════════════════
ALERT ATM PORTA - 2026-02-22 17:37:50
═══════════════════════════════════════════
IP ATM:           127.0.0.1
Porta sorgente:   8000
Servizio:         UNKNOWN
Porte aperte:    
ATM ID:           1001
Range valido:     32768-60999

═══════════════════════════════════════════
ALERT ATM PORTA - 2026-02-22 17:37:50
═══════════════════════════════════════════
IP ATM:           127.0.0.1
Porta sorgente:   8000
Servizio:         UNKNOWN
Porte aperte:    
ATM ID:           1001
Range valido:     32768-60999

═══════════════════════════════════════════
ALERT ATM PORTA - 2026-02-22 17:37:50
═══════════════════════════════════════════
IP ATM:           127.0.0.1
Porta sorgente:   8000
Servizio:         UNKNOWN
Porte aperte:    
ATM ID:           1001
Range valido:     32768-60999

═══════════════════════════════════════════
ALERT ATM PORTA - 2026-02-22 17:37:50
═══════════════════════════════════════════
IP ATM:           127.0.0.1
Porta sorgente:   8000
Servizio:         UNKNOWN
Porte aperte:    
ATM ID:           1001
Range valido:     32768-60999

═══════════════════════════════════════════
ALERT ATM PORTA - 2026-02-22 17:37:50
═══════════════════════════════════════════
IP ATM:           127.0.0.1
Porta sorgente:   8000
Servizio:         UNKNOWN
Porte aperte:    
ATM ID:           1001
Range valido:     32768-60999

═══════════════════════════════════════════
ALERT ATM PORTA - 2026-02-22 17:37:50
═══════════════════════════════════════════
IP ATM:           127.0.0.1
Porta sorgente:   8000
Servizio:         UNKNOWN
Porte aperte:    
ATM ID:           1001
Range valido:     32768-60999

═══════════════════════════════════════════
ALERT ATM PORTA - 2026-02-22 17:37:50
═══════════════════════════════════════════
IP ATM:           127.0.0.1
Porta sorgente:   8000
Servizio:         UNKNOWN
Porte aperte:    
ATM ID:           1001
Range valido:     32768-60999

═══════════════════════════════════════════
ALERT ATM PORTA - 2026-02-22 17:37:51
═══════════════════════════════════════════
IP ATM:           127.0.0.1
Porta sorgente:   8000
Servizio:         UNKNOWN
Porte aperte:    
ATM ID:           1001
Range valido:     32768-60999

═══════════════════════════════════════════
ALERT ATM PORTA - 2026-02-22 17:37:51
═══════════════════════════════════════════
IP ATM:           127.0.0.1
Porta sorgente:   8000
Servizio:         UNKNOWN
Porte aperte:    
ATM ID:           1001
Range valido:     32768-60999

═══════════════════════════════════════════
ALERT ATM PORTA - 2026-02-22 17:37:51
═══════════════════════════════════════════
IP ATM:           127.0.0.1
Porta sorgente:   8000
Servizio:         UNKNOWN
Porte aperte:    
ATM ID:           1001
Range valido:     32768-60999

═══════════════════════════════════════════
ALERT ATM PORTA - 2026-02-22 17:37:51
═══════════════════════════════════════════
IP ATM:           127.0.0.1
Porta sorgente:   8000
Servizio:         UNKNOWN
Porte aperte:    
ATM ID:           1001
Range valido:     32768-60999

═══════════════════════════════════════════
ALERT ATM PORTA - 2026-02-22 17:37:51
═══════════════════════════════════════════
IP ATM:           127.0.0.1
Porta sorgente:   8000
Servizio:         UNKNOWN
Porte aperte:    
ATM ID:           1001
Range valido:     32768-60999

═══════════════════════════════════════════
ALERT ATM PORTA - 2026-02-22 17:37:51
═══════════════════════════════════════════
IP ATM:           127.0.0.1
Porta sorgente:   8000
Servizio:         UNKNOWN
Porte aperte:    
ATM ID:           1001
Range valido:     32768-60999

═══════════════════════════════════════════
ALERT ATM PORTA - 2026-02-22 17:37:53
═══════════════════════════════════════════
IP ATM:           127.0.0.1
Porta sorgente:   8000
Servizio:         UNKNOWN
Porte aperte:    
ATM ID:           1001
Range valido:     32768-60999

═══════════════════════════════════════════
ALERT ATM PORTA - 2026-02-22 17:37:53
═══════════════════════════════════════════
IP ATM:           127.0.0.1
Porta sorgente:   8000
Servizio:         UNKNOWN
Porte aperte:    
ATM ID:           1001
Range valido:     32768-60999

═══════════════════════════════════════════
ALERT ATM PORTA - 2026-02-22 17:37:53
═══════════════════════════════════════════
IP ATM:           127.0.0.1
Porta sorgente:   8000
Servizio:         UNKNOWN
Porte aperte:    
ATM ID:           1001
Range valido:     32768-60999

═══════════════════════════════════════════
ALERT ATM PORTA - 2026-02-22 17:37:53
═══════════════════════════════════════════
IP ATM:           127.0.0.1
Porta sorgente:   8000
Servizio:         UNKNOWN
Porte aperte:    
ATM ID:           1001
Range valido:     32768-60999

═══════════════════════════════════════════
ALERT ATM PORTA - 2026-02-22 17:37:53
═══════════════════════════════════════════
IP ATM:           127.0.0.1
Porta sorgente:   8000
Servizio:         UNKNOWN
Porte aperte:    
ATM ID:           1001
Range valido:     32768-60999

═══════════════════════════════════════════
ALERT ATM PORTA - 2026-02-22 17:37:53
═══════════════════════════════════════════
IP ATM:           127.0.0.1
Porta sorgente:   8000
Servizio:         UNKNOWN
Porte aperte:    
ATM ID:           1001
Range valido:     32768-60999

═══════════════════════════════════════════
ALERT ATM PORTA - 2026-02-22 17:37:55
═══════════════════════════════════════════
IP ATM:           127.0.0.1
Porta sorgente:   8000
Servizio:         UNKNOWN
Porte aperte:    
ATM ID:           1001
Range valido:     32768-60999

═══════════════════════════════════════════
ALERT ATM PORTA - 2026-02-22 17:37:55
═══════════════════════════════════════════
IP ATM:           127.0.0.1
Porta sorgente:   8000
Servizio:         UNKNOWN
Porte aperte:    
ATM ID:           1001
Range valido:     32768-60999

═══════════════════════════════════════════
ALERT ATM PORTA - 2026-02-22 17:37:55
═══════════════════════════════════════════
IP ATM:           127.0.0.1
Porta sorgente:   8000
Servizio:         UNKNOWN
Porte aperte:    
ATM ID:           1001
Range valido:     32768-60999

═══════════════════════════════════════════
ALERT ATM PORTA - 2026-02-22 17:37:55
═══════════════════════════════════════════
IP ATM:           127.0.0.1
Porta sorgente:   8000
Servizio:         UNKNOWN
Porte aperte:    
ATM ID:           1001
Range valido:     32768-60999

═══════════════════════════════════════════
ALERT ATM PORTA - 2026-02-22 17:37:55
═══════════════════════════════════════════
IP ATM:           127.0.0.1
Porta sorgente:   8000
Servizio:         UNKNOWN
Porte aperte:    
ATM ID:           1001
Range valido:     32768-60999

═══════════════════════════════════════════
ALERT ATM PORTA - 2026-02-22 17:37:55
═══════════════════════════════════════════
IP ATM:           127.0.0.1
Porta sorgente:   8000
Servizio:         UNKNOWN
Porte aperte:    
ATM ID:           1001
Range valido:     32768-60999

═══════════════════════════════════════════
ALERT ATM PORTA - 2026-02-22 17:37:57
═══════════════════════════════════════════
IP ATM:           127.0.0.1
Porta sorgente:   8000
Servizio:         UNKNOWN
Porte aperte:    
ATM ID:           1001
Range valido:     32768-60999

═══════════════════════════════════════════
ALERT ATM PORTA - 2026-02-22 17:37:57
═══════════════════════════════════════════
IP ATM:           127.0.0.1
Porta sorgente:   8000
Servizio:         UNKNOWN
Porte aperte:    
ATM ID:           1001
Range valido:     32768-60999

═══════════════════════════════════════════
ALERT ATM PORTA - 2026-02-22 17:37:57
═══════════════════════════════════════════
IP ATM:           127.0.0.1
Porta sorgente:   8000
Servizio:         UNKNOWN
Porte aperte:    
ATM ID:           1001
Range valido:     32768-60999

═══════════════════════════════════════════
ALERT ATM PORTA - 2026-02-22 17:37:57
═══════════════════════════════════════════
IP ATM:           127.0.0.1
Porta sorgente:   8000
Servizio:         UNKNOWN
Porte aperte:    
ATM ID:           1001
Range valido:     32768-60999

═══════════════════════════════════════════
ALERT ATM PORTA - 2026-02-22 17:37:57
═══════════════════════════════════════════
IP ATM:           127.0.0.1
Porta sorgente:   8000
Servizio:         UNKNOWN
Porte aperte:    
ATM ID:           1001
Range valido:     32768-60999

═══════════════════════════════════════════
ALERT ATM PORTA - 2026-02-22 17:37:57
═══════════════════════════════════════════
IP ATM:           127.0.0.1
Porta sorgente:   8000
Servizio:         UNKNOWN
Porte aperte:    
ATM ID:           1001
Range valido:     32768-60999

═══════════════════════════════════════════
ALERT ATM PORTA - 2026-02-22 17:37:59
═══════════════════════════════════════════
IP ATM:           127.0.0.1
Porta sorgente:   8000
Servizio:         UNKNOWN
Porte aperte:    
ATM ID:           1001
Range valido:     32768-60999

═══════════════════════════════════════════
ALERT ATM PORTA - 2026-02-22 17:37:59
═══════════════════════════════════════════
IP ATM:           127.0.0.1
Porta sorgente:   8000
Servizio:         UNKNOWN
Porte aperte:    
ATM ID:           1001
Range valido:     32768-60999

═══════════════════════════════════════════
ALERT ATM PORTA - 2026-02-22 17:37:59
═══════════════════════════════════════════
IP ATM:           127.0.0.1
Porta sorgente:   8000
Servizio:         UNKNOWN
Porte aperte:    
ATM ID:           1001
Range valido:     32768-60999

═══════════════════════════════════════════
ALERT ATM PORTA - 2026-02-22 17:37:59
═══════════════════════════════════════════
IP ATM:           127.0.0.1
Porta sorgente:   8000
Servizio:         UNKNOWN
Porte aperte:    
ATM ID:           1001
Range valido:     32768-60999

═══════════════════════════════════════════
ALERT ATM PORTA - 2026-02-22 17:37:59
═══════════════════════════════════════════
IP ATM:           127.0.0.1
Porta sorgente:   8000
Servizio:         UNKNOWN
Porte aperte:    
ATM ID:           1001
Range valido:     32768-60999

═══════════════════════════════════════════
ALERT ATM PORTA - 2026-02-22 17:37:59
═══════════════════════════════════════════
IP ATM:           127.0.0.1
Porta sorgente:   8000
Servizio:         UNKNOWN
Porte aperte:    
ATM ID:           1001
Range valido:     32768-60999

═══════════════════════════════════════════
ALERT ATM PORTA - 2026-02-22 17:38:01
═══════════════════════════════════════════
IP ATM:           127.0.0.1
Porta sorgente:   8000
Servizio:         UNKNOWN
Porte aperte:    
ATM ID:           1001
Range valido:     32768-60999

═══════════════════════════════════════════
ALERT ATM PORTA - 2026-02-22 17:38:01
═══════════════════════════════════════════
IP ATM:           127.0.0.1
Porta sorgente:   8000
Servizio:         UNKNOWN
Porte aperte:    
ATM ID:           1001
Range valido:     32768-60999

═══════════════════════════════════════════
ALERT ATM PORTA - 2026-02-22 17:38:02
═══════════════════════════════════════════
IP ATM:           127.0.0.1
Porta sorgente:   8000
Servizio:         UNKNOWN
Porte aperte:    
ATM ID:           1001
Range valido:     32768-60999

═══════════════════════════════════════════
ALERT ATM PORTA - 2026-02-22 17:38:02
═══════════════════════════════════════════
IP ATM:           127.0.0.1
Porta sorgente:   8000
Servizio:         UNKNOWN
Porte aperte:    
ATM ID:           1001
Range valido:     32768-60999

═══════════════════════════════════════════
ALERT ATM PORTA - 2026-02-22 17:38:02
═══════════════════════════════════════════
IP ATM:           127.0.0.1
Porta sorgente:   8000
Servizio:         UNKNOWN
Porte aperte:    
ATM ID:           1001
Range valido:     32768-60999

═══════════════════════════════════════════
ALERT ATM PORTA - 2026-02-22 17:38:02
═══════════════════════════════════════════
IP ATM:           127.0.0.1
Porta sorgente:   8000
Servizio:         UNKNOWN
Porte aperte:    
ATM ID:           1001
Range valido:     32768-60999

═══════════════════════════════════════════
ALERT ATM PORTA - 2026-02-22 17:38:04
═══════════════════════════════════════════
IP ATM:           127.0.0.1
Porta sorgente:   8000
Servizio:         UNKNOWN
Porte aperte:    
ATM ID:           1001
Range valido:     32768-60999

═══════════════════════════════════════════
ALERT ATM PORTA - 2026-02-22 17:38:04
═══════════════════════════════════════════
IP ATM:           127.0.0.1
Porta sorgente:   8000
Servizio:         UNKNOWN
Porte aperte:    
ATM ID:           1001
Range valido:     32768-60999

═══════════════════════════════════════════
ALERT ATM PORTA - 2026-02-22 17:38:04
═══════════════════════════════════════════
IP ATM:           127.0.0.1
Porta sorgente:   8000
Servizio:         UNKNOWN
Porte aperte:    
ATM ID:           1001
Range valido:     32768-60999

═══════════════════════════════════════════
ALERT ATM PORTA - 2026-02-22 17:38:04
═══════════════════════════════════════════
IP ATM:           127.0.0.1
Porta sorgente:   8000
Servizio:         UNKNOWN
Porte aperte:    
ATM ID:           1001
Range valido:     32768-60999

═══════════════════════════════════════════
ALERT ATM PORTA - 2026-02-22 17:38:04
═══════════════════════════════════════════
IP ATM:           127.0.0.1
Porta sorgente:   8000
Servizio:         UNKNOWN
Porte aperte:    
ATM ID:           1001
Range valido:     32768-60999

═══════════════════════════════════════════
ALERT ATM PORTA - 2026-02-22 17:38:04
═══════════════════════════════════════════
IP ATM:           127.0.0.1
Porta sorgente:   8000
Servizio:         UNKNOWN
Porte aperte:    
ATM ID:           1001
Range valido:     32768-60999

═══════════════════════════════════════════
ALERT ATM PORTA - 2026-02-22 17:38:06
═══════════════════════════════════════════
IP ATM:           127.0.0.1
Porta sorgente:   8000
Servizio:         UNKNOWN
Porte aperte:    
ATM ID:           1001
Range valido:     32768-60999

═══════════════════════════════════════════
ALERT ATM PORTA - 2026-02-22 17:38:06
═══════════════════════════════════════════
IP ATM:           127.0.0.1
Porta sorgente:   8000
Servizio:         UNKNOWN
Porte aperte:    
ATM ID:           1001
Range valido:     32768-60999

═══════════════════════════════════════════
ALERT ATM PORTA - 2026-02-22 17:38:06
═══════════════════════════════════════════
IP ATM:           127.0.0.1
Porta sorgente:   8000
Servizio:         UNKNOWN
Porte aperte:    
ATM ID:           1001
Range valido:     32768-60999

═══════════════════════════════════════════
ALERT ATM PORTA - 2026-02-22 17:38:06
═══════════════════════════════════════════
IP ATM:           127.0.0.1
Porta sorgente:   8000
Servizio:         UNKNOWN
Porte aperte:    
ATM ID:           1001
Range valido:     32768-60999

═══════════════════════════════════════════
ALERT ATM PORTA - 2026-02-22 17:38:06
═══════════════════════════════════════════
IP ATM:           127.0.0.1
Porta sorgente:   8000
Servizio:         UNKNOWN
Porte aperte:    
ATM ID:           1001
Range valido:     32768-60999

═══════════════════════════════════════════
ALERT ATM PORTA - 2026-02-22 17:38:06
═══════════════════════════════════════════
IP ATM:           127.0.0.1
Porta sorgente:   8000
Servizio:         UNKNOWN
Porte aperte:    
ATM ID:           1001
Range valido:     32768-60999

═══════════════════════════════════════════
ALERT ATM PORTA - 2026-02-22 17:38:08
═══════════════════════════════════════════
IP ATM:           127.0.0.1
Porta sorgente:   8000
Servizio:         UNKNOWN
Porte aperte:    
ATM ID:           1001
Range valido:     32768-60999

═══════════════════════════════════════════
ALERT ATM PORTA - 2026-02-22 17:38:08
═══════════════════════════════════════════
IP ATM:           127.0.0.1
Porta sorgente:   8000
Servizio:         UNKNOWN
Porte aperte:    
ATM ID:           1001
Range valido:     32768-60999

═══════════════════════════════════════════
ALERT ATM PORTA - 2026-02-22 17:38:08
═══════════════════════════════════════════
IP ATM:           127.0.0.1
Porta sorgente:   8000
Servizio:         UNKNOWN
Porte aperte:    
ATM ID:           1001
Range valido:     32768-60999

═══════════════════════════════════════════
ALERT ATM PORTA - 2026-02-22 17:38:08
═══════════════════════════════════════════
IP ATM:           127.0.0.1
Porta sorgente:   8000
Servizio:         UNKNOWN
Porte aperte:    
ATM ID:           1001
Range valido:     32768-60999

═══════════════════════════════════════════
ALERT ATM PORTA - 2026-02-22 17:38:08
═══════════════════════════════════════════
IP ATM:           127.0.0.1
Porta sorgente:   8000
Servizio:         UNKNOWN
Porte aperte:    
ATM ID:           1001
Range valido:     32768-60999

═══════════════════════════════════════════
ALERT ATM PORTA - 2026-02-22 17:38:08
═══════════════════════════════════════════
IP ATM:           127.0.0.1
Porta sorgente:   8000
Servizio:         UNKNOWN
Porte aperte:    
ATM ID:           1001
Range valido:     32768-60999

═══════════════════════════════════════════
ALERT ATM PORTA - 2026-02-22 17:38:10
═══════════════════════════════════════════
IP ATM:           127.0.0.1
Porta sorgente:   8000
Servizio:         UNKNOWN
Porte aperte:    
ATM ID:           1001
Range valido:     32768-60999

═══════════════════════════════════════════
ALERT ATM PORTA - 2026-02-22 17:38:10
═══════════════════════════════════════════
IP ATM:           127.0.0.1
Porta sorgente:   8000
Servizio:         UNKNOWN
Porte aperte:    
ATM ID:           1001
Range valido:     32768-60999

═══════════════════════════════════════════
ALERT ATM PORTA - 2026-02-22 17:38:10
═══════════════════════════════════════════
IP ATM:           127.0.0.1
Porta sorgente:   8000
Servizio:         UNKNOWN
Porte aperte:    
ATM ID:           1001
Range valido:     32768-60999

═══════════════════════════════════════════
ALERT ATM PORTA - 2026-02-22 17:38:10
═══════════════════════════════════════════
IP ATM:           127.0.0.1
Porta sorgente:   8000
Servizio:         UNKNOWN
Porte aperte:    
ATM ID:           1001
Range valido:     32768-60999

═══════════════════════════════════════════
ALERT ATM PORTA - 2026-02-22 17:38:10
═══════════════════════════════════════════
IP ATM:           127.0.0.1
Porta sorgente:   8000
Servizio:         UNKNOWN
Porte aperte:    
ATM ID:           1001
Range valido:     32768-60999

═══════════════════════════════════════════
ALERT ATM PORTA - 2026-02-22 17:38:10
═══════════════════════════════════════════
IP ATM:           127.0.0.1
Porta sorgente:   8000
Servizio:         UNKNOWN
Porte aperte:    
ATM ID:           1001
Range valido:     32768-60999

═══════════════════════════════════════════
ALERT ATM PORTA - 2026-02-22 17:38:10
═══════════════════════════════════════════
IP ATM:           127.0.0.1
Porta sorgente:   8000
Servizio:         UNKNOWN
Porte aperte:    
ATM ID:           1001
Range valido:     32768-60999

═══════════════════════════════════════════
ALERT ATM PORTA - 2026-02-22 17:38:10
═══════════════════════════════════════════
IP ATM:           127.0.0.1
Porta sorgente:   8000
Servizio:         UNKNOWN
Porte aperte:    
ATM ID:           1001
Range valido:     32768-60999

═══════════════════════════════════════════
ALERT ATM PORTA - 2026-02-22 17:38:10
═══════════════════════════════════════════
IP ATM:           127.0.0.1
Porta sorgente:   8000
Servizio:         UNKNOWN
Porte aperte:    
ATM ID:           1001
Range valido:     32768-60999

═══════════════════════════════════════════
ALERT ATM PORTA - 2026-02-22 17:38:10
═══════════════════════════════════════════
IP ATM:           127.0.0.1
Porta sorgente:   8000
Servizio:         UNKNOWN
Porte aperte:    
ATM ID:           1001
Range valido:     32768-60999

═══════════════════════════════════════════
ALERT ATM PORTA - 2026-02-22 17:38:10
═══════════════════════════════════════════
IP ATM:           127.0.0.1
Porta sorgente:   8000
Servizio:         UNKNOWN
Porte aperte:    
ATM ID:           1001
Range valido:     32768-60999

═══════════════════════════════════════════
ALERT ATM PORTA - 2026-02-22 17:38:10
═══════════════════════════════════════════
IP ATM:           127.0.0.1
Porta sorgente:   8000
Servizio:         UNKNOWN
Porte aperte:    
ATM ID:           1001
Range valido:     32768-60999

================================================================================
================================================================================
═══════════════════════════════════════════
ALERT ATM ANOMALO - 2026-02-22 17:43:37
═══════════════════════════════════════════
IP ATM:       192.168.30.3
ATM ID:       ATM_3
Timestamp:    2026-02-22T17:43:37.037646
Sessione:     10s

═══════════════════════════════════════════
ALERT ATM ANOMALO - 2026-02-22 17:43:37
═══════════════════════════════════════════
IP ATM:       192.168.30.2
ATM ID:       ATM_2
Timestamp:    2026-02-22T17:43:36.535736
Sessione:     10s

═══════════════════════════════════════════
ALERT ATM ANOMALO - 2026-02-22 17:43:37
═══════════════════════════════════════════
IP ATM:       192.168.30.1
ATM ID:       ATM_1
Timestamp:    2026-02-22T17:43:36.034340
Sessione:     10s

═══════════════════════════════════════════
ALERT ATM ANOMALO - 2026-02-22 17:43:39
═══════════════════════════════════════════
IP ATM:       192.168.30.3
ATM ID:       ATM_3
Timestamp:    2026-02-22T17:43:37.037646
Sessione:     10s

================================================================================
═══════════════════════════════════════════
ALERT ATM ANOMALO - 2026-02-22 17:46:33
═══════════════════════════════════════════
IP ATM:       192.168.30.3
ATM ID:       ATM_3
Timestamp:    2026-02-22T17:46:33.044914
Sessione:     10s

═══════════════════════════════════════════
ALERT ATM ANOMALO - 2026-02-22 17:46:33
═══════════════════════════════════════════
IP ATM:       192.168.30.2
ATM ID:       ATM_2
Timestamp:    2026-02-22T17:46:32.548162
Sessione:     10s

═══════════════════════════════════════════
ALERT ATM ANOMALO - 2026-02-22 17:46:33
═══════════════════════════════════════════
IP ATM:       192.168.30.1
ATM ID:       ATM_1
Timestamp:    2026-02-22T17:46:32.041325
Sessione:     10s

═══════════════════════════════════════════
ALERT ATM ANOMALO - 2026-02-22 17:46:35
═══════════════════════════════════════════
IP ATM:       192.168.30.3
ATM ID:       ATM_3
Timestamp:    2026-02-22T17:46:33.044914
Sessione:     10s

================================================================================
═══════════════════════════════════════════
ALERT ATM ANOMALO - 2026-02-22 17:51:56
═══════════════════════════════════════════
IP ATM:       192.168.30.3
ATM ID:       ATM_3
Timestamp:    2026-02-22T17:51:56.206109
Sessione:     10s

═══════════════════════════════════════════
ALERT ATM ANOMALO - 2026-02-22 17:51:56
═══════════════════════════════════════════
IP ATM:       192.168.30.2
ATM ID:       ATM_2
Timestamp:    2026-02-22T17:51:55.704284
Sessione:     10s

═══════════════════════════════════════════
ALERT ATM ANOMALO - 2026-02-22 17:51:56
═══════════════════════════════════════════
IP ATM:       192.168.30.1
ATM ID:       ATM_1
Timestamp:    2026-02-22T17:51:55.203208
Sessione:     10s

═══════════════════════════════════════════
ALERT ATM ANOMALO - 2026-02-22 17:51:58
═══════════════════════════════════════════
IP ATM:       192.168.30.3
ATM ID:       ATM_3
Timestamp:    2026-02-22T17:51:56.206109
Sessione:     10s

