================================================================================
═══════════════════════════════════════════
ALERT CORRELAZIONE - 2026-02-22 21:58:45
═══════════════════════════════════════════
IP:          127.0.0.1
RTT:         UNREACHABLE
MAC:         UNKNOWN
Customer:    800068
Subnet:      NON AUTORIZZATA

═══════════════════════════════════════════
ALERT CORRELAZIONE - 2026-02-22 21:58:48
═══════════════════════════════════════════
IP:          127.0.0.1
RTT:         UNREACHABLE
MAC:         UNKNOWN
Customer:    800068
Subnet:      NON AUTORIZZATA

═══════════════════════════════════════════
ALERT CORRELAZIONE - 2026-02-22 21:58:51
═══════════════════════════════════════════
IP:          127.0.0.1
RTT:         UNREACHABLE
MAC:         UNKNOWN
Customer:    800068
Subnet:      NON AUTORIZZATA

═══════════════════════════════════════════
ALERT CORRELAZIONE - 2026-02-22 21:58:54
═══════════════════════════════════════════
IP:          127.0.0.1
RTT:         UNREACHABLE
MAC:         UNKNOWN
Customer:    800068
Subnet:      NON AUTORIZZATA

═══════════════════════════════════════════
ALERT CORRELAZIONE - 2026-02-22 21:58:57
═══════════════════════════════════════════
IP:          127.0.0.1
RTT:         UNREACHABLE
MAC:         UNKNOWN
Customer:    800068
Subnet:      NON AUTORIZZATA

═══════════════════════════════════════════
ALERT CORRELAZIONE - 2026-02-22 21:59:00
═══════════════════════════════════════════
IP:          127.0.0.1
RTT:         UNREACHABLE
MAC:         UNKNOWN
Customer:    800068
Subnet:      NON AUTORIZZATA

═══════════════════════════════════════════
ALERT CORRELAZIONE - 2026-02-22 21:59:03
═══════════════════════════════════════════
IP:          127.0.0.1
RTT:         UNREACHABLE
MAC:         UNKNOWN
Customer:    800068
Subnet:      NON AUTORIZZATA

═══════════════════════════════════════════
ALERT CORRELAZIONE - 2026-02-22 21:59:06
═══════════════════════════════════════════
IP:          127.0.0.1
RTT:         UNREACHABLE
MAC:         UNKNOWN
Customer:    800068
Subnet:      NON AUTORIZZATA

═══════════════════════════════════════════
ALERT CORRELAZIONE - 2026-02-22 21:59:09
═══════════════════════════════════════════
IP:          127.0.0.1
RTT:         UNREACHABLE
MAC:         UNKNOWN
Customer:    800068
Subnet:      NON AUTORIZZATA

═══════════════════════════════════════════
ALERT CORRELAZIONE - 2026-02-22 21:59:12
═══════════════════════════════════════════
IP:          127.0.0.1
RTT:         UNREACHABLE
MAC:         UNKNOWN
Customer:    800068
Subnet:      NON AUTORIZZATA

================================================================================
================================================================================
================================================================================
================================================================================
═══════════════════════════════════════════
ALERT CORRELAZIONE - 2026-02-22 22:07:29
═══════════════════════════════════════════
IP:          8.8.8.8
Customer:    800052
Subnet:      PUBBLICA/NON AUTORIZZATA

================================================================================
═══════════════════════════════════════════
ALERT CORRELAZIONE - 2026-02-22 22:08:16
═══════════════════════════════════════════
IP:          8.8.8.8
Customer:    UNKNOWN
Subnet:      PUBBLICA/NON AUTORIZZATA

================================================================================
═══════════════════════════════════════════
ALERT CORRELAZIONE - 2026-02-22 22:09:03
═══════════════════════════════════════════
IP:          8.8.8.8
Customer:    800079
Subnet:      PUBBLICA/NON AUTORIZZATA

================================================================================
═══════════════════════════════════════════
ALERT CORRELAZIONE - 2026-02-22 22:09:31
═══════════════════════════════════════════
IP:          8.8.8.8
Customer:    800040
Subnet:      PUBBLICA/NON AUTORIZZATA

================================================================================
═══════════════════════════════════════════
ALERT CORRELAZIONE - 2026-02-22 22:12:39
═══════════════════════════════════════════
IP:          8.8.8.8
Customer:    800020
Subnet:      PUBBLICA/NON AUTORIZZATA

================================================================================
═══════════════════════════════════════════
ALERT CORRELAZIONE - 2026-02-22 22:13:13
═══════════════════════════════════════════
IP:          149.112.112.112
Customer:    800003
Subnet:      PUBBLICA/NON AUTORIZZATA

================================================================================
═══════════════════════════════════════════
ALERT CORRELAZIONE - 2026-02-23 00:05:21
═══════════════════════════════════════════
IP:          8.8.4.4
Customer:    800010
Subnet:      PUBBLICA/NON AUTORIZZATA

================================================================================
═══════════════════════════════════════════
ALERT CORRELAZIONE - 2026-02-23 00:14:39
═══════════════════════════════════════════
IP:          208.67.222.222
Customer:    800084
Subnet:      PUBBLICA/NON AUTORIZZATA

================================================================================
[2026-02-23 01:01:33] ANALISI CORRELAZIONE RETE AVVIATA
================================================================================
═══════════════════════════════════════════
ALERT CORRELAZIONE - 2026-02-23 01:01:39
═══════════════════════════════════════════
IP:          9.9.9.9
Customer:    800070
Subnet:      PUBBLICA/NON AUTORIZZATA

