================================================================================
═══════════════════════════════════════════
ALERT COVERT CHANNEL - 2026-02-22 22:46:08
═══════════════════════════════════════════
IP:              192.168.70.146
Customer:        800037
Operazioni fake: 6
Tipo:            Importo 0 o NULL

================================================================================
═══════════════════════════════════════════
ALERT COVERT CHANNEL - 2026-02-22 22:46:30
═══════════════════════════════════════════
IP:              192.168.70.84
Customer:        800096
Operazioni fake: 6
Tipo:            Importo 0 o NULL

================================================================================
═══════════════════════════════════════════
ALERT COVERT CHANNEL - 2026-02-22 22:47:27
═══════════════════════════════════════════
IP:              192.168.70.176
Customer:        800060
Operazioni fake: 5
Tipo:            Importo 0 o NULL

================================================================================
═══════════════════════════════════════════
ALERT COVERT CHANNEL - 2026-02-23 00:05:55
═══════════════════════════════════════════
IP:              192.168.70.90
Customer:        800096
Operazioni fake: 5
Tipo:            Importo 0 o NULL

================================================================================
═══════════════════════════════════════════
ALERT COVERT CHANNEL - 2026-02-23 00:15:03
═══════════════════════════════════════════
IP:              192.168.70.122
Customer:        800041
Operazioni fake: 6
Tipo:            Importo 0 o NULL

================================================================================
[2026-02-23 01:19:07] RILEVAMENTO COVERT CHANNELS AVVIATO
================================================================================
BLOCKED IP: 192.168.70.53 | risk=100
═══════════════════════════════════════════
ALERT COVERT CHANNEL - 2026-02-23 01:19:17
═══════════════════════════════════════════
IP:              192.168.70.53
Customer:        800054
Operazioni fake: 6
Tipo:            Importo 0 o NULL

