================================================================================
═══════════════════════════════════════════
ALERT NOTTURNO - 2026-02-22 21:27:49
═══════════════════════════════════════════
IP:           192.168.20.1
Hostname:     UNKNOWN
Customer:     800014
Timestamp:    2026-02-22T21:27:48.032180
Sessione:     20s

================================================================================
═══════════════════════════════════════════
ALERT NOTTURNO - 2026-02-22 21:29:08
═══════════════════════════════════════════
IP:           192.168.20.3
Hostname:     UNKNOWN
Customer:     800075
Timestamp:    2026-02-22T21:27:50.058391
Sessione:     22s

================================================================================
═══════════════════════════════════════════
ALERT NOTTURNO - 2026-02-22 21:56:37
═══════════════════════════════════════════
IP:           192.168.40.1
Hostname:     UNKNOWN
Customer:     800004
Timestamp:    2026-02-22T21:54:07.025154
Sessione:     5s

================================================================================
═══════════════════════════════════════════
ALERT NOTTURNO - 2026-02-22 21:57:10
═══════════════════════════════════════════
IP:           192.168.20.2
Hostname:     UNKNOWN
Customer:     800088
Timestamp:    2026-02-22T21:57:09.996560
Sessione:     55s

================================================================================
═══════════════════════════════════════════
ALERT NOTTURNO - 2026-02-22 23:18:32
═══════════════════════════════════════════
IP:           192.168.20.2
Hostname:     UNKNOWN
Customer:     800089
Timestamp:    2026-02-22T23:18:32.294305
Sessione:     20s

================================================================================
═══════════════════════════════════════════
ALERT NOTTURNO - 2026-02-23 00:04:18
═══════════════════════════════════════════
IP:           192.168.20.2
Hostname:     UNKNOWN
Customer:     800043
Timestamp:    2026-02-23T00:04:18.736027
Sessione:     26s

================================================================================
═══════════════════════════════════════════
ALERT NOTTURNO - 2026-02-23 00:14:08
═══════════════════════════════════════════
IP:           192.168.20.3
Hostname:     UNKNOWN
Customer:     800040
Timestamp:    2026-02-23T00:14:07.795917
Sessione:     33s

================================================================================
═══════════════════════════════════════════
ALERT NOTTURNO - 2026-02-23 00:17:53
═══════════════════════════════════════════
IP:           192.168.20.3
Hostname:     UNKNOWN
Customer:     800059
Timestamp:    2026-02-23T00:17:52.671597
Sessione:     11s

