================================================================================
================================================================================
================================================================================
================================================================================
═══════════════════════════════════════════
ALERT SIMULTANEO - 2026-02-21 18:21:51
═══════════════════════════════════════════
IP sospetto:       192.168.10.1
Customer ID:       UNKNOWN
IP simultanei:     4
Soglia:            3

═══════════════════════════════════════════
ALERT SIMULTANEO - 2026-02-21 18:21:51
═══════════════════════════════════════════
IP sospetto:       192.168.10.2
Customer ID:       UNKNOWN
IP simultanei:     4
Soglia:            3

═══════════════════════════════════════════
ALERT SIMULTANEO - 2026-02-21 18:21:51
═══════════════════════════════════════════
IP sospetto:       192.168.10.3
Customer ID:       UNKNOWN
IP simultanei:     4
Soglia:            3

═══════════════════════════════════════════
ALERT SIMULTANEO - 2026-02-21 18:21:51
═══════════════════════════════════════════
IP sospetto:       192.168.10.4
Customer ID:       UNKNOWN
IP simultanei:     4
Soglia:            3

═══════════════════════════════════════════
ALERT SIMULTANEO - 2026-02-21 18:21:56
═══════════════════════════════════════════
IP sospetto:       192.168.10.1
Customer ID:       UNKNOWN
IP simultanei:     4
Soglia:            3

═══════════════════════════════════════════
ALERT SIMULTANEO - 2026-02-21 18:21:56
═══════════════════════════════════════════
IP sospetto:       192.168.10.2
Customer ID:       UNKNOWN
IP simultanei:     4
Soglia:            3

═══════════════════════════════════════════
ALERT SIMULTANEO - 2026-02-21 18:21:56
═══════════════════════════════════════════
IP sospetto:       192.168.10.3
Customer ID:       UNKNOWN
IP simultanei:     4
Soglia:            3

═══════════════════════════════════════════
ALERT SIMULTANEO - 2026-02-21 18:21:56
═══════════════════════════════════════════
IP sospetto:       192.168.10.4
Customer ID:       UNKNOWN
IP simultanei:     4
Soglia:            3

═══════════════════════════════════════════
ALERT SIMULTANEO - 2026-02-21 18:22:01
═══════════════════════════════════════════
IP sospetto:       192.168.10.1
Customer ID:       UNKNOWN
IP simultanei:     4
Soglia:            3

═══════════════════════════════════════════
ALERT SIMULTANEO - 2026-02-21 18:22:01
═══════════════════════════════════════════
IP sospetto:       192.168.10.2
Customer ID:       UNKNOWN
IP simultanei:     4
Soglia:            3

═══════════════════════════════════════════
ALERT SIMULTANEO - 2026-02-21 18:22:01
═══════════════════════════════════════════
IP sospetto:       192.168.10.3
Customer ID:       UNKNOWN
IP simultanei:     4
Soglia:            3

═══════════════════════════════════════════
ALERT SIMULTANEO - 2026-02-21 18:22:01
═══════════════════════════════════════════
IP sospetto:       192.168.10.4
Customer ID:       UNKNOWN
IP simultanei:     4
Soglia:            3

═══════════════════════════════════════════
ALERT SIMULTANEO - 2026-02-21 18:22:06
═══════════════════════════════════════════
IP sospetto:       192.168.10.1
Customer ID:       UNKNOWN
IP simultanei:     4
Soglia:            3

═══════════════════════════════════════════
ALERT SIMULTANEO - 2026-02-21 18:22:06
═══════════════════════════════════════════
IP sospetto:       192.168.10.2
Customer ID:       UNKNOWN
IP simultanei:     4
Soglia:            3

═══════════════════════════════════════════
ALERT SIMULTANEO - 2026-02-21 18:22:06
═══════════════════════════════════════════
IP sospetto:       192.168.10.3
Customer ID:       UNKNOWN
IP simultanei:     4
Soglia:            3

═══════════════════════════════════════════
ALERT SIMULTANEO - 2026-02-21 18:22:06
═══════════════════════════════════════════
IP sospetto:       192.168.10.4
Customer ID:       UNKNOWN
IP simultanei:     4
Soglia:            3

═══════════════════════════════════════════
ALERT SIMULTANEO - 2026-02-21 18:22:11
═══════════════════════════════════════════
IP sospetto:       192.168.10.1
Customer ID:       UNKNOWN
IP simultanei:     4
Soglia:            3

═══════════════════════════════════════════
ALERT SIMULTANEO - 2026-02-21 18:22:11
═══════════════════════════════════════════
IP sospetto:       192.168.10.2
Customer ID:       UNKNOWN
IP simultanei:     4
Soglia:            3

═══════════════════════════════════════════
ALERT SIMULTANEO - 2026-02-21 18:22:11
═══════════════════════════════════════════
IP sospetto:       192.168.10.3
Customer ID:       UNKNOWN
IP simultanei:     4
Soglia:            3

═══════════════════════════════════════════
ALERT SIMULTANEO - 2026-02-21 18:22:11
═══════════════════════════════════════════
IP sospetto:       192.168.10.4
Customer ID:       UNKNOWN
IP simultanei:     4
Soglia:            3

═══════════════════════════════════════════
ALERT SIMULTANEO - 2026-02-21 18:22:16
═══════════════════════════════════════════
IP sospetto:       192.168.10.1
Customer ID:       UNKNOWN
IP simultanei:     4
Soglia:            3

═══════════════════════════════════════════
ALERT SIMULTANEO - 2026-02-21 18:22:16
═══════════════════════════════════════════
IP sospetto:       192.168.10.2
Customer ID:       UNKNOWN
IP simultanei:     4
Soglia:            3

═══════════════════════════════════════════
ALERT SIMULTANEO - 2026-02-21 18:22:16
═══════════════════════════════════════════
IP sospetto:       192.168.10.3
Customer ID:       UNKNOWN
IP simultanei:     4
Soglia:            3

═══════════════════════════════════════════
ALERT SIMULTANEO - 2026-02-21 18:22:16
═══════════════════════════════════════════
IP sospetto:       192.168.10.4
Customer ID:       UNKNOWN
IP simultanei:     4
Soglia:            3

═══════════════════════════════════════════
ALERT SIMULTANEO - 2026-02-21 18:22:21
═══════════════════════════════════════════
IP sospetto:       192.168.10.1
Customer ID:       UNKNOWN
IP simultanei:     4
Soglia:            3

═══════════════════════════════════════════
ALERT SIMULTANEO - 2026-02-21 18:22:21
═══════════════════════════════════════════
IP sospetto:       192.168.10.2
Customer ID:       UNKNOWN
IP simultanei:     4
Soglia:            3

═══════════════════════════════════════════
ALERT SIMULTANEO - 2026-02-21 18:22:21
═══════════════════════════════════════════
IP sospetto:       192.168.10.3
Customer ID:       UNKNOWN
IP simultanei:     4
Soglia:            3

═══════════════════════════════════════════
ALERT SIMULTANEO - 2026-02-21 18:22:21
═══════════════════════════════════════════
IP sospetto:       192.168.10.4
Customer ID:       UNKNOWN
IP simultanei:     4
Soglia:            3

═══════════════════════════════════════════
ALERT SIMULTANEO - 2026-02-21 18:22:26
═══════════════════════════════════════════
IP sospetto:       192.168.10.1
Customer ID:       UNKNOWN
IP simultanei:     4
Soglia:            3

═══════════════════════════════════════════
ALERT SIMULTANEO - 2026-02-21 18:22:26
═══════════════════════════════════════════
IP sospetto:       192.168.10.2
Customer ID:       UNKNOWN
IP simultanei:     4
Soglia:            3

═══════════════════════════════════════════
ALERT SIMULTANEO - 2026-02-21 18:22:26
═══════════════════════════════════════════
IP sospetto:       192.168.10.3
Customer ID:       UNKNOWN
IP simultanei:     4
Soglia:            3

═══════════════════════════════════════════
ALERT SIMULTANEO - 2026-02-21 18:22:26
═══════════════════════════════════════════
IP sospetto:       192.168.10.4
Customer ID:       UNKNOWN
IP simultanei:     4
Soglia:            3

═══════════════════════════════════════════
ALERT SIMULTANEO - 2026-02-21 18:22:31
═══════════════════════════════════════════
IP sospetto:       192.168.10.1
Customer ID:       UNKNOWN
IP simultanei:     4
Soglia:            3

═══════════════════════════════════════════
ALERT SIMULTANEO - 2026-02-21 18:22:31
═══════════════════════════════════════════
IP sospetto:       192.168.10.2
Customer ID:       UNKNOWN
IP simultanei:     4
Soglia:            3

═══════════════════════════════════════════
ALERT SIMULTANEO - 2026-02-21 18:22:31
═══════════════════════════════════════════
IP sospetto:       192.168.10.3
Customer ID:       UNKNOWN
IP simultanei:     4
Soglia:            3

═══════════════════════════════════════════
ALERT SIMULTANEO - 2026-02-21 18:22:31
═══════════════════════════════════════════
IP sospetto:       192.168.10.4
Customer ID:       UNKNOWN
IP simultanei:     4
Soglia:            3

═══════════════════════════════════════════
ALERT SIMULTANEO - 2026-02-21 18:22:36
═══════════════════════════════════════════
IP sospetto:       192.168.10.1
Customer ID:       UNKNOWN
IP simultanei:     4
Soglia:            3

═══════════════════════════════════════════
ALERT SIMULTANEO - 2026-02-21 18:22:36
═══════════════════════════════════════════
IP sospetto:       192.168.10.2
Customer ID:       UNKNOWN
IP simultanei:     4
Soglia:            3

═══════════════════════════════════════════
ALERT SIMULTANEO - 2026-02-21 18:22:36
═══════════════════════════════════════════
IP sospetto:       192.168.10.3
Customer ID:       UNKNOWN
IP simultanei:     4
Soglia:            3

═══════════════════════════════════════════
ALERT SIMULTANEO - 2026-02-21 18:22:36
═══════════════════════════════════════════
IP sospetto:       192.168.10.4
Customer ID:       UNKNOWN
IP simultanei:     4
Soglia:            3

═══════════════════════════════════════════
ALERT SIMULTANEO - 2026-02-21 18:22:41
═══════════════════════════════════════════
IP sospetto:       192.168.10.1
Customer ID:       UNKNOWN
IP simultanei:     4
Soglia:            3

═══════════════════════════════════════════
ALERT SIMULTANEO - 2026-02-21 18:22:41
═══════════════════════════════════════════
IP sospetto:       192.168.10.2
Customer ID:       UNKNOWN
IP simultanei:     4
Soglia:            3

═══════════════════════════════════════════
ALERT SIMULTANEO - 2026-02-21 18:22:41
═══════════════════════════════════════════
IP sospetto:       192.168.10.3
Customer ID:       UNKNOWN
IP simultanei:     4
Soglia:            3

═══════════════════════════════════════════
ALERT SIMULTANEO - 2026-02-21 18:22:41
═══════════════════════════════════════════
IP sospetto:       192.168.10.4
Customer ID:       UNKNOWN
IP simultanei:     4
Soglia:            3

═══════════════════════════════════════════
ALERT SIMULTANEO - 2026-02-21 18:22:46
═══════════════════════════════════════════
IP sospetto:       192.168.10.1
Customer ID:       UNKNOWN
IP simultanei:     4
Soglia:            3

═══════════════════════════════════════════
ALERT SIMULTANEO - 2026-02-21 18:22:46
═══════════════════════════════════════════
IP sospetto:       192.168.10.2
Customer ID:       UNKNOWN
IP simultanei:     4
Soglia:            3

═══════════════════════════════════════════
ALERT SIMULTANEO - 2026-02-21 18:22:46
═══════════════════════════════════════════
IP sospetto:       192.168.10.3
Customer ID:       UNKNOWN
IP simultanei:     4
Soglia:            3

═══════════════════════════════════════════
ALERT SIMULTANEO - 2026-02-21 18:22:46
═══════════════════════════════════════════
IP sospetto:       192.168.10.4
Customer ID:       UNKNOWN
IP simultanei:     4
Soglia:            3

═══════════════════════════════════════════
ALERT SIMULTANEO - 2026-02-21 18:22:52
═══════════════════════════════════════════
IP sospetto:       192.168.10.1
Customer ID:       UNKNOWN
IP simultanei:     4
Soglia:            3

═══════════════════════════════════════════
ALERT SIMULTANEO - 2026-02-21 18:22:52
═══════════════════════════════════════════
IP sospetto:       192.168.10.2
Customer ID:       UNKNOWN
IP simultanei:     4
Soglia:            3

═══════════════════════════════════════════
ALERT SIMULTANEO - 2026-02-21 18:22:52
═══════════════════════════════════════════
IP sospetto:       192.168.10.3
Customer ID:       UNKNOWN
IP simultanei:     4
Soglia:            3

═══════════════════════════════════════════
ALERT SIMULTANEO - 2026-02-21 18:22:52
═══════════════════════════════════════════
IP sospetto:       192.168.10.4
Customer ID:       UNKNOWN
IP simultanei:     4
Soglia:            3

═══════════════════════════════════════════
ALERT SIMULTANEO - 2026-02-21 18:22:57
═══════════════════════════════════════════
IP sospetto:       192.168.10.1
Customer ID:       UNKNOWN
IP simultanei:     4
Soglia:            3

═══════════════════════════════════════════
ALERT SIMULTANEO - 2026-02-21 18:22:57
═══════════════════════════════════════════
IP sospetto:       192.168.10.2
Customer ID:       UNKNOWN
IP simultanei:     4
Soglia:            3

═══════════════════════════════════════════
ALERT SIMULTANEO - 2026-02-21 18:22:57
═══════════════════════════════════════════
IP sospetto:       192.168.10.3
Customer ID:       UNKNOWN
IP simultanei:     4
Soglia:            3

═══════════════════════════════════════════
ALERT SIMULTANEO - 2026-02-21 18:22:57
═══════════════════════════════════════════
IP sospetto:       192.168.10.4
Customer ID:       UNKNOWN
IP simultanei:     4
Soglia:            3

═══════════════════════════════════════════
ALERT SIMULTANEO - 2026-02-21 18:23:02
═══════════════════════════════════════════
IP sospetto:       192.168.10.1
Customer ID:       UNKNOWN
IP simultanei:     4
Soglia:            3

═══════════════════════════════════════════
ALERT SIMULTANEO - 2026-02-21 18:23:02
═══════════════════════════════════════════
IP sospetto:       192.168.10.2
Customer ID:       UNKNOWN
IP simultanei:     4
Soglia:            3

═══════════════════════════════════════════
ALERT SIMULTANEO - 2026-02-21 18:23:02
═══════════════════════════════════════════
IP sospetto:       192.168.10.3
Customer ID:       UNKNOWN
IP simultanei:     4
Soglia:            3

═══════════════════════════════════════════
ALERT SIMULTANEO - 2026-02-21 18:23:02
═══════════════════════════════════════════
IP sospetto:       192.168.10.4
Customer ID:       UNKNOWN
IP simultanei:     4
Soglia:            3

═══════════════════════════════════════════
ALERT SIMULTANEO - 2026-02-21 18:23:07
═══════════════════════════════════════════
IP sospetto:       192.168.10.1
Customer ID:       UNKNOWN
IP simultanei:     4
Soglia:            3

═══════════════════════════════════════════
ALERT SIMULTANEO - 2026-02-21 18:23:07
═══════════════════════════════════════════
IP sospetto:       192.168.10.2
Customer ID:       UNKNOWN
IP simultanei:     4
Soglia:            3

═══════════════════════════════════════════
ALERT SIMULTANEO - 2026-02-21 18:23:07
═══════════════════════════════════════════
IP sospetto:       192.168.10.3
Customer ID:       UNKNOWN
IP simultanei:     4
Soglia:            3

═══════════════════════════════════════════
ALERT SIMULTANEO - 2026-02-21 18:23:07
═══════════════════════════════════════════
IP sospetto:       192.168.10.4
Customer ID:       UNKNOWN
IP simultanei:     4
Soglia:            3

═══════════════════════════════════════════
ALERT SIMULTANEO - 2026-02-21 18:23:12
═══════════════════════════════════════════
IP sospetto:       192.168.10.1
Customer ID:       UNKNOWN
IP simultanei:     4
Soglia:            3

═══════════════════════════════════════════
ALERT SIMULTANEO - 2026-02-21 18:23:12
═══════════════════════════════════════════
IP sospetto:       192.168.10.2
Customer ID:       UNKNOWN
IP simultanei:     4
Soglia:            3

═══════════════════════════════════════════
ALERT SIMULTANEO - 2026-02-21 18:23:12
═══════════════════════════════════════════
IP sospetto:       192.168.10.3
Customer ID:       UNKNOWN
IP simultanei:     4
Soglia:            3

═══════════════════════════════════════════
ALERT SIMULTANEO - 2026-02-21 18:23:12
═══════════════════════════════════════════
IP sospetto:       192.168.10.4
Customer ID:       UNKNOWN
IP simultanei:     4
Soglia:            3

═══════════════════════════════════════════
ALERT SIMULTANEO - 2026-02-21 18:23:17
═══════════════════════════════════════════
IP sospetto:       192.168.10.1
Customer ID:       UNKNOWN
IP simultanei:     4
Soglia:            3

═══════════════════════════════════════════
ALERT SIMULTANEO - 2026-02-21 18:23:17
═══════════════════════════════════════════
IP sospetto:       192.168.10.2
Customer ID:       UNKNOWN
IP simultanei:     4
Soglia:            3

═══════════════════════════════════════════
ALERT SIMULTANEO - 2026-02-21 18:23:17
═══════════════════════════════════════════
IP sospetto:       192.168.10.3
Customer ID:       UNKNOWN
IP simultanei:     4
Soglia:            3

═══════════════════════════════════════════
ALERT SIMULTANEO - 2026-02-21 18:23:17
═══════════════════════════════════════════
IP sospetto:       192.168.10.4
Customer ID:       UNKNOWN
IP simultanei:     4
Soglia:            3

═══════════════════════════════════════════
ALERT SIMULTANEO - 2026-02-21 18:23:22
═══════════════════════════════════════════
IP sospetto:       192.168.10.1
Customer ID:       UNKNOWN
IP simultanei:     4
Soglia:            3

═══════════════════════════════════════════
ALERT SIMULTANEO - 2026-02-21 18:23:22
═══════════════════════════════════════════
IP sospetto:       192.168.10.2
Customer ID:       UNKNOWN
IP simultanei:     4
Soglia:            3

═══════════════════════════════════════════
ALERT SIMULTANEO - 2026-02-21 18:23:22
═══════════════════════════════════════════
IP sospetto:       192.168.10.3
Customer ID:       UNKNOWN
IP simultanei:     4
Soglia:            3

═══════════════════════════════════════════
ALERT SIMULTANEO - 2026-02-21 18:23:22
═══════════════════════════════════════════
IP sospetto:       192.168.10.4
Customer ID:       UNKNOWN
IP simultanei:     4
Soglia:            3

